../Core/Src/main.c:75:6:HAL_GPIO_EXTI_Callback	56	static
../Core/Src/main.c:86:6:HAL_UART_TxCpltCallback	56	static
../Core/Src/main.c:93:6:HAL_UART_RxCpltCallback	80	static
../Core/Src/main.c:169:5:main	24	static
../Core/Src/main.c:274:6:SystemClock_Config	88	static
../Core/Src/main.c:320:13:MX_ADC1_Init	24	static
../Core/Src/main.c:381:13:MX_I2C1_Init	8	static
../Core/Src/main.c:415:13:MX_TIM1_Init	96	static
../Core/Src/main.c:490:13:MX_USART2_UART_Init	8	static
../Core/Src/main.c:521:13:MX_DMA_Init	16	static
../Core/Src/main.c:539:13:MX_GPIO_Init	48	static
../Core/Src/main.c:580:6:Error_Handler	4	static,ignoring_inline_asm
